true
25
true
6.745
true
7.245
false
24.5
4
21
3.5
3.245